// Jest Snapshot v1, https://goo.gl/fbAQLP

exports[`renders correctly 1`] = `
<div>
  <h1>
    Issues
  </h1>
  <p>
    No issues to show.
  </p>
</div>
`;
