// Jest Snapshot v1, https://goo.gl/fbAQLP

exports[`renders correctly 1`] = `
<div>
  <h1>
    Merge requests
  </h1>
  <p>
    No merge requests to show.
  </p>
</div>
`;



